W[0] value 0.000
W[1] value 0.000
W[2] value 0.000
