ctn output:
[[ 0.001889 -0.008292]
 [ 0.001597 -0.008242]
 [ 0.001265 -0.008123]
 ...
 [-0.001017 -0.000657]
 [-0.000668 -0.000418]
 [-0.000345 -0.0002  ]]
