overlap add output:
[ 0.          0.00999983  0.01999867 ... -0.02185133 -0.01185279
 -0.00185307]
