[
    {
        "name": "R06001",
        "dimensions": "4.4317x4.1x2.6",
        "target": {
            "position": [
                -0.7000,
                1.7000,
                1.2000
            ],
            "view_vector": [
                0.2820,
                0.9590,
                0.0000
            ]
        },
        "listener": {
            "position": [
                -0.2000,
                3.4000,
                1.2000
            ],
            "view_vector": [
                -0.2820,
                -0.9590,
                0.0000
            ]
        },
        "interferers": [
            {
                "position": [
                    0.9000,
                    3.0000,
                    1.2000
                ]
            },
            {
                "position": [
                    -1.0000,
                    2.6000,
                    1.2000
                ]
            },
            {
                "position": [
                    0.9000,
                    1.4000,
                    1.2000
                ]
            }
        ]
    }
]
