V[0] value -0.000
V[1] value 0.000
V[2] value 0.000
