[
    {
        "dataset": "train",
        "room": {
            "name": "R06025",
            "dimensions": "3.8x3.0263x3.4",
            "target": {
                "position": [
                    0.5000,
                    2.3000,
                    1.2000
                ],
                "view_vector": [
                    -0.8740,
                    -0.4860,
                    0.0000
                ]
            },
            "listener": {
                "position": [
                    -0.4000,
                    1.8000,
                    1.2000
                ],
                "view_vector": [
                    0.8740,
                    0.4860,
                    0.0000
                ]
            },
            "interferers": [
                {
                    "position": [
                        0.4000,
                        1.2000,
                        1.2000
                    ]
                },
                {
                    "position": [
                        -0.1000,
                        2.8000,
                        1.2000
                    ]
                },
                {
                    "position": [
                        -0.5000,
                        2.8000,
                        1.2000
                    ]
                }
            ]
        },
        "scene": "S00001",
        "target": {
            "name": "T037_AEB_00383",
            "time_start": 73968,
            "time_end": 203622
        },
        "duration": 247722,
        "interferers": [
            {
                "position": 1,
                "time_start": 0,
                "time_end": 247722,
                "type": "speech",
                "name": "nom_03397.wav",
                "offset": 25420969
            },
            {
                "position": 2,
                "time_start": 0,
                "time_end": 247722,
                "type": "speech",
                "name": "mif_02484.wav",
                "offset": 18139523
            },
            {
                "position": 3,
                "time_start": 0,
                "time_end": 247722,
                "type": "speech",
                "name": "mim_03397.wav",
                "offset": 22799376
            }
        ],
        "SNR": 4.4499,
        "listener": {
            "rotation": [
                {
                    "sample": 48762.0287,
                    "angle": 57.7828
                },
                {
                    "sample": 57675.0287,
                    "angle": 32.7235
                }
            ],
            "hrir_filename": [
                "VP_N6-ED",
                "VP_N6-BTE_fr",
                "VP_N6-BTE_mid",
                "VP_N6-BTE_rear"
            ]
        }
    },
    {
        "dataset": "train",
        "room": {
            "name": "R06049",
            "dimensions": "4.8x3.7854x2.8",
            "target": {
                "position": [
                    -0.5000,
                    2.4000,
                    1.6000
                ],
                "view_vector": [
                    0.8090,
                    0.5880,
                    0.0000
                ]
            },
            "listener": {
                "position": [
                    0.6000,
                    3.2000,
                    1.6000
                ],
                "view_vector": [
                    -0.8090,
                    -0.5880,
                    0.0000
                ]
            },
            "interferers": [
                {
                    "position": [
                        0.1000,
                        1.3000,
                        1.6000
                    ]
                },
                {
                    "position": [
                        -0.5000,
                        2.4000,
                        1.6000
                    ]
                },
                {
                    "position": [
                        0.5000,
                        1.4000,
                        1.6000
                    ]
                }
            ]
        },
        "scene": "S00002",
        "target": {
            "name": "T037_G0L_00841",
            "time_start": 83942,
            "time_end": 175229
        },
        "duration": 219329,
        "interferers": [
            {
                "position": 1,
                "time_start": 0,
                "time_end": 219329,
                "type": "noise",
                "name": "CIN_vacuum_023.wav",
                "offset": 703113
            },
            {
                "position": 2,
                "time_start": 0,
                "time_end": 219329,
                "type": "noise",
                "name": "CIN_dishwasher_028.wav",
                "offset": 245648
            },
            {
                "position": 3,
                "time_start": 0,
                "time_end": 219329,
                "type": "noise",
                "name": "CIN_washing_027.wav",
                "offset": 2789515
            }
        ],
        "SNR": 2.3968,
        "listener": {
            "rotation": [
                {
                    "sample": 116125.5652,
                    "angle": -171.1418
                },
                {
                    "sample": 125653.5652,
                    "angle": -150.5262
                }
            ],
            "hrir_filename": [
                "VP_N1-ED",
                "VP_N1-BTE_fr",
                "VP_N1-BTE_mid",
                "VP_N1-BTE_rear"
            ]
        }
    },
    {
        "dataset": "train",
        "room": {
            "name": "R06027",
            "dimensions": "6x4.4533x2.2",
            "target": {
                "position": [
                    -1.2000,
                    3.0000,
                    1.6000
                ],
                "view_vector": [
                    0.6590,
                    0.7530,
                    0.0000
                ]
            },
            "listener": {
                "position": [
                    0.2000,
                    4.6000,
                    1.6000
                ],
                "view_vector": [
                    -0.6590,
                    -0.7530,
                    0.0000
                ]
            },
            "interferers": [
                {
                    "position": [
                        0.4000,
                        2.3000,
                        1.6000
                    ]
                },
                {
                    "position": [
                        0.6000,
                        1.5000,
                        1.6000
                    ]
                },
                {
                    "position": [
                        -0.8000,
                        1.1000,
                        1.6000
                    ]
                }
            ]
        },
        "scene": "S00003",
        "target": {
            "name": "T037_CH6_02005",
            "time_start": 69138,
            "time_end": 176301
        },
        "duration": 220401,
        "interferers": [
            {
                "position": 1,
                "time_start": 0,
                "time_end": 220401,
                "type": "music",
                "name": "38/4638.low.mp3",
                "offset": 5086335
            },
            {
                "position": 2,
                "time_start": 0,
                "time_end": 220401,
                "type": "speech",
                "name": "nof_03397.wav",
                "offset": 7787724
            },
            {
                "position": 3,
                "time_start": 0,
                "time_end": 220401,
                "type": "speech",
                "name": "mim_02484.wav",
                "offset": 24095884
            }
        ],
        "SNR": -9.9160,
        "listener": {
            "rotation": [
                {
                    "sample": 83479.9805,
                    "angle": -101.7228
                },
                {
                    "sample": 91917.9805,
                    "angle": -125.3147
                }
            ],
            "hrir_filename": [
                "BuK-ED",
                "BuK-BTE_fr",
                "BuK-BTE_mid",
                "BuK-BTE_rear"
            ]
        }
    },
    {
        "dataset": "train",
        "room": {
            "name": "R06003",
            "dimensions": "7.9x3.0038x2.8",
            "target": {
                "position": [
                    0.4000,
                    2.5000,
                    1.6000
                ],
                "view_vector": [
                    -0.2360,
                    0.9720,
                    0.0000
                ]
            },
            "listener": {
                "position": [
                    -0.4000,
                    5.8000,
                    1.6000
                ],
                "view_vector": [
                    0.2360,
                    -0.9720,
                    0.0000
                ]
            },
            "interferers": [
                {
                    "position": [
                        -0.3000,
                        3.7000,
                        1.6000
                    ]
                },
                {
                    "position": [
                        0.3000,
                        2.8000,
                        1.6000
                    ]
                },
                {
                    "position": [
                        -0.2000,
                        3.9000,
                        1.6000
                    ]
                }
            ]
        },
        "scene": "S00004",
        "target": {
            "name": "T037_HHX_09726",
            "time_start": 76637,
            "time_end": 174539
        },
        "duration": 218639,
        "interferers": [
            {
                "position": 1,
                "time_start": 0,
                "time_end": 218639,
                "type": "noise",
                "name": "CIN_washing_042.wav",
                "offset": 293619
            },
            {
                "position": 3,
                "time_start": 0,
                "time_end": 218639,
                "type": "music",
                "name": "08/6608.low.mp3",
                "offset": 7316017
            }
        ],
        "SNR": -7.3832,
        "listener": {
            "rotation": [
                {
                    "sample": 57792.0656,
                    "angle": -46.8765
                },
                {
                    "sample": 66558.0656,
                    "angle": -75.4359
                }
            ],
            "hrir_filename": [
                "DADEC-ED",
                "DADEC-BTE_fr",
                "DADEC-BTE_mid",
                "DADEC-BTE_rear"
            ]
        }
    },
    {
        "dataset": "train",
        "room": {
            "name": "R06017",
            "dimensions": "5.4x4.8148x2.8",
            "target": {
                "position": [
                    -1.3000,
                    4.1000,
                    1.2000
                ],
                "view_vector": [
                    0.9970,
                    0.0830,
                    0.0000
                ]
            },
            "listener": {
                "position": [
                    -0.1000,
                    4.2000,
                    1.2000
                ],
                "view_vector": [
                    -0.9970,
                    -0.0830,
                    0.0000
                ]
            },
            "interferers": [
                {
                    "position": [
                        0.9000,
                        1.1000,
                        1.2000
                    ]
                },
                {
                    "position": [
                        -0.4000,
                        1.7000,
                        1.2000
                    ]
                },
                {
                    "position": [
                        0.7000,
                        2.7000,
                        1.2000
                    ]
                }
            ]
        },
        "scene": "S00005",
        "target": {
            "name": "T037_HP0_01377",
            "time_start": 69723,
            "time_end": 157041
        },
        "duration": 201141,
        "interferers": [
            {
                "position": 1,
                "time_start": 0,
                "time_end": 201141,
                "type": "speech",
                "name": "nof_03397.wav",
                "offset": 31555672
            },
            {
                "position": 3,
                "time_start": 0,
                "time_end": 201141,
                "type": "noise",
                "name": "CIN_washing_009.wav",
                "offset": 3307830
            }
        ],
        "SNR": -0.2358,
        "listener": {
            "rotation": [
                {
                    "sample": 44444.6163,
                    "angle": -155.2135
                },
                {
                    "sample": 53907.6163,
                    "angle": -172.3023
                }
            ],
            "hrir_filename": [
                "VP_N3-ED",
                "VP_N3-BTE_fr",
                "VP_N3-BTE_mid",
                "VP_N3-BTE_rear"
            ]
        }
    },
    {
        "dataset": "train",
        "room": {
            "name": "R06033",
            "dimensions": "5.1x3.3392x2.9",
            "target": {
                "position": [
                    0.6000,
                    2.7000,
                    1.6000
                ],
                "view_vector": [
                    0.0000,
                    -1.0000,
                    0.0000
                ]
            },
            "listener": {
                "position": [
                    0.6000,
                    1.2000,
                    1.6000
                ],
                "view_vector": [
                    0.0000,
                    1.0000,
                    0.0000
                ]
            },
            "interferers": [
                {
                    "position": [
                        0.0000,
                        3.3000,
                        1.6000
                    ]
                },
                {
                    "position": [
                        0.4000,
                        3.9000,
                        1.6000
                    ]
                },
                {
                    "position": [
                        0.6000,
                        3.6000,
                        1.6000
                    ]
                }
            ]
        },
        "scene": "S00006",
        "target": {
            "name": "T037_CDY_00280",
            "time_start": 84213,
            "time_end": 178146
        },
        "duration": 222246,
        "interferers": [
            {
                "position": 1,
                "time_start": 0,
                "time_end": 222246,
                "type": "music",
                "name": "92/9592.low.mp3",
                "offset": 6877071
            },
            {
                "position": 2,
                "time_start": 0,
                "time_end": 222246,
                "type": "noise",
                "name": "CIN_vacuum_026.wav",
                "offset": 263121
            }
        ],
        "SNR": 2.7109,
        "listener": {
            "rotation": [
                {
                    "sample": 104533.7432,
                    "angle": 68.5080
                },
                {
                    "sample": 113694.7432,
                    "angle": 82.7134
                }
            ],
            "hrir_filename": [
                "VP_E8-ED",
                "VP_E8-BTE_fr",
                "VP_E8-BTE_mid",
                "VP_E8-BTE_rear"
            ]
        }
    },
    {
        "dataset": "train",
        "room": {
            "name": "R06032",
            "dimensions": "6x3.1767x2.9",
            "target": {
                "position": [
                    0.3000,
                    4.0000,
                    1.6000
                ],
                "view_vector": [
                    -0.3850,
                    -0.9230,
                    0.0000
                ]
            },
            "listener": {
                "position": [
                    -0.2000,
                    2.8000,
                    1.6000
                ],
                "view_vector": [
                    0.3850,
                    0.9230,
                    0.0000
                ]
            },
            "interferers": [
                {
                    "position": [
                        -0.3000,
                        1.8000,
                        1.6000
                    ]
                },
                {
                    "position": [
                        0.1000,
                        1.5000,
                        1.6000
                    ]
                },
                {
                    "position": [
                        0.5000,
                        1.2000,
                        1.6000
                    ]
                }
            ]
        },
        "scene": "S00007",
        "target": {
            "name": "T037_H7W_00891",
            "time_start": 70239,
            "time_end": 158880
        },
        "duration": 202980,
        "interferers": [
            {
                "position": 1,
                "time_start": 0,
                "time_end": 202980,
                "type": "noise",
                "name": "CIN_kettle_024.wav",
                "offset": 70693
            },
            {
                "position": 3,
                "time_start": 0,
                "time_end": 202980,
                "type": "speech",
                "name": "nom_02484.wav",
                "offset": 19319159
            }
        ],
        "SNR": -0.3911,
        "listener": {
            "rotation": [
                {
                    "sample": 68905.0422,
                    "angle": 90.4128
                },
                {
                    "sample": 78537.0422,
                    "angle": 76.4667
                }
            ],
            "hrir_filename": [
                "VP_N3-ED",
                "VP_N3-BTE_fr",
                "VP_N3-BTE_mid",
                "VP_N3-BTE_rear"
            ]
        }
    },
    {
        "dataset": "train",
        "room": {
            "name": "R06026",
            "dimensions": "5.5x4.1291x2.9",
            "target": {
                "position": [
                    0.5000,
                    1.0000,
                    1.6000
                ],
                "view_vector": [
                    -0.2540,
                    0.9670,
                    0.0000
                ]
            },
            "listener": {
                "position": [
                    0.0000,
                    2.9000,
                    1.6000
                ],
                "view_vector": [
                    0.2540,
                    -0.9670,
                    0.0000
                ]
            },
            "interferers": [
                {
                    "position": [
                        -0.4000,
                        1.9000,
                        1.6000
                    ]
                },
                {
                    "position": [
                        0.8000,
                        4.2000,
                        1.6000
                    ]
                },
                {
                    "position": [
                        0.9000,
                        4.1000,
                        1.6000
                    ]
                }
            ]
        },
        "scene": "S00008",
        "target": {
            "name": "T037_H8L_01442",
            "time_start": 83854,
            "time_end": 192340
        },
        "duration": 236440,
        "interferers": [
            {
                "position": 1,
                "time_start": 0,
                "time_end": 236440,
                "type": "speech",
                "name": "mim_03397.wav",
                "offset": 7485920
            },
            {
                "position": 2,
                "time_start": 0,
                "time_end": 236440,
                "type": "speech",
                "name": "irm_02484.wav",
                "offset": 13497843
            },
            {
                "position": 3,
                "time_start": 0,
                "time_end": 236440,
                "type": "music",
                "name": "11/6611.low.mp3",
                "offset": 1071834
            }
        ],
        "SNR": -9.9280,
        "listener": {
            "rotation": [
                {
                    "sample": 78148.2151,
                    "angle": -101.2398
                },
                {
                    "sample": 87071.2151,
                    "angle": -76.4165
                }
            ],
            "hrir_filename": [
                "VP_N3-ED",
                "VP_N3-BTE_fr",
                "VP_N3-BTE_mid",
                "VP_N3-BTE_rear"
            ]
        }
    },
    {
        "dataset": "train",
        "room": {
            "name": "R06020",
            "dimensions": "5x3.232x3",
            "target": {
                "position": [
                    0.2000,
                    1.3000,
                    1.6000
                ],
                "view_vector": [
                    0.1000,
                    0.9950,
                    0.0000
                ]
            },
            "listener": {
                "position": [
                    0.3000,
                    2.3000,
                    1.6000
                ],
                "view_vector": [
                    -0.1000,
                    -0.9950,
                    0.0000
                ]
            },
            "interferers": [
                {
                    "position": [
                        -0.3000,
                        3.3000,
                        1.6000
                    ]
                },
                {
                    "position": [
                        0.0000,
                        3.4000,
                        1.6000
                    ]
                },
                {
                    "position": [
                        -0.3000,
                        1.2000,
                        1.6000
                    ]
                }
            ]
        },
        "scene": "S00009",
        "target": {
            "name": "T037_HH3_10714",
            "time_start": 85915,
            "time_end": 219538
        },
        "duration": 263638,
        "interferers": [
            {
                "position": 1,
                "time_start": 0,
                "time_end": 263638,
                "type": "music",
                "name": "10/6610.low.mp3",
                "offset": 3154138
            },
            {
                "position": 2,
                "time_start": 0,
                "time_end": 263638,
                "type": "noise",
                "name": "CIN_dishwasher_039.wav",
                "offset": 45534371
            },
            {
                "position": 3,
                "time_start": 0,
                "time_end": 263638,
                "type": "speech",
                "name": "mim_03397.wav",
                "offset": 479536
            }
        ],
        "SNR": -9.2201,
        "listener": {
            "rotation": [
                {
                    "sample": 86126.7382,
                    "angle": -71.7249
                },
                {
                    "sample": 94735.7382,
                    "angle": -86.5137
                }
            ],
            "hrir_filename": [
                "VP_N6-ED",
                "VP_N6-BTE_fr",
                "VP_N6-BTE_mid",
                "VP_N6-BTE_rear"
            ]
        }
    },
    {
        "dataset": "train",
        "room": {
            "name": "R06031",
            "dimensions": "5.1x3.0039x3.3",
            "target": {
                "position": [
                    0.4000,
                    3.4000,
                    1.6000
                ],
                "view_vector": [
                    -0.2170,
                    -0.9760,
                    0.0000
                ]
            },
            "listener": {
                "position": [
                    0.0000,
                    1.6000,
                    1.6000
                ],
                "view_vector": [
                    0.2170,
                    0.9760,
                    0.0000
                ]
            },
            "interferers": [
                {
                    "position": [
                        0.3000,
                        3.4000,
                        1.6000
                    ]
                },
                {
                    "position": [
                        -0.5000,
                        3.6000,
                        1.6000
                    ]
                },
                {
                    "position": [
                        0.1000,
                        3.5000,
                        1.6000
                    ]
                }
            ]
        },
        "scene": "S00010",
        "target": {
            "name": "T037_CKE_02126",
            "time_start": 80731,
            "time_end": 248752
        },
        "duration": 292852,
        "interferers": [
            {
                "position": 1,
                "time_start": 0,
                "time_end": 292852,
                "type": "noise",
                "name": "CIN_microwave_002.wav",
                "offset": 420188
            },
            {
                "position": 3,
                "time_start": 0,
                "time_end": 292852,
                "type": "speech",
                "name": "irm_02484.wav",
                "offset": 9217866
            }
        ],
        "SNR": 3.3223,
        "listener": {
            "rotation": [
                {
                    "sample": 77571.4201,
                    "angle": 53.6574
                },
                {
                    "sample": 85460.4201,
                    "angle": 76.6245
                }
            ],
            "hrir_filename": [
                "VP_E6-ED",
                "VP_E6-BTE_fr",
                "VP_E6-BTE_mid",
                "VP_E6-BTE_rear"
            ]
        }
    }
]
